src/routes/public.ts(499,42): error TS2304: Cannot find name 'featuredMedia'.
